0 verbose cli F:\NodeJS\node.exe F:\NodeJS\node_modules\npm\bin\npm-cli.js
1 info using npm@11.13.0
2 info using node@v26.1.0
3 silly config load:file:F:\NodeJS\node_modules\npm\npmrc
4 silly config load:file:F:\PythonProject\easy-langent\frontend\.npmrc
5 silly config load:file:C:\Users\50273\.npmrc
6 silly config load:file:F:\NodeJS\etc\npmrc
7 verbose title npm install
8 verbose argv "install" "--cache" ".npm-cache"
9 verbose logfile logs-max:10 dir:F:\PythonProject\easy-langent\frontend\.npm-cache\_logs\2026-06-01T12_46_50_595Z-
10 verbose logfile F:\PythonProject\easy-langent\frontend\.npm-cache\_logs\2026-06-01T12_46_50_595Z-debug-0.log
11 silly logfile done cleaning log files
12 silly packumentCache heap:4395630592 maxSize:1098907648 maxEntrySize:549453824
13 silly idealTree buildDeps
14 silly fetch manifest @vitejs/plugin-vue@^6.0.2
15 silly packumentCache full:https://registry.npmmirror.com/@vitejs%2fplugin-vue cache-miss
16 http fetch GET https://registry.npmmirror.com/npm attempt 1 failed with EACCES
17 http fetch GET https://registry.npmmirror.com/@vitejs%2fplugin-vue attempt 1 failed with EACCES
18 http fetch GET https://registry.npmmirror.com/npm attempt 2 failed with EACCES
19 http fetch GET https://registry.npmmirror.com/@vitejs%2fplugin-vue attempt 2 failed with EACCES
20 http fetch GET https://registry.npmmirror.com/npm attempt 3 failed with EACCES
21 http fetch GET https://registry.npmmirror.com/@vitejs%2fplugin-vue attempt 3 failed with EACCES
22 silly fetch manifest vite@^7.2.7
23 silly packumentCache full:https://registry.npmmirror.com/vite cache-miss
24 http fetch GET https://registry.npmmirror.com/vite attempt 1 failed with EACCES
25 http fetch GET https://registry.npmmirror.com/vite attempt 2 failed with EACCES
26 http fetch GET https://registry.npmmirror.com/vite attempt 3 failed with EACCES
27 silly fetch manifest vue@^3.5.26
28 silly packumentCache full:https://registry.npmmirror.com/vue cache-miss
29 http fetch GET https://registry.npmmirror.com/vue attempt 1 failed with EACCES
30 http fetch GET https://registry.npmmirror.com/vue attempt 2 failed with EACCES
